input:  [-803, 518, -706, 415, -455, -688, -64, 978, 599, 923, 880, -76, -125, -688, 974, -16, -368, -28, -274, -273]
output: [-803, -706, -688, -688, -455, -368, -274, -273, -125, -76, -64, -28, -16, 415, 518, 599, 880, 923, 974, 978]
input:  [978, 974, 923, 880, 599, 518, 415, -16, -28, -64, 76, -125, -273, -274, -368, -455, -688, -688, -706, -803]
output: [-803, -706, -688, -688, -455, -368, -274, -273, -125, -64, -28, -16, 76, 415, 518, 599, 880, 923, 974, 978]
